// Jest Snapshot v1, https://goo.gl/fbAQLP

exports[`SettingsScreen opens mail client when the feedback button is pressed 1`] = `
Array [
  Array [
    Object {
      "body": "I've been using UCL Assistant and I just wanted to tell you ... 

Technical Information
{
  \\"deviceName\\": \\"Test Phone\\",
  \\"platform\\": {},
  \\"upi\\": \\"upiupi11\\"
}",
      "recipients": Array [
        "isd.apiteam@ucl.ac.uk",
      ],
      "subject": "Feedback about UCL Assistant",
    },
  ],
]
`;

exports[`SettingsScreen renders the SettingsScreen 1`] = `
<Page
  bottomColour="#fefefe"
  contentContainerStyle={Object {}}
  keyboardAvoidingViewStyle={Object {}}
  mainTabPage={true}
  onRefresh={[Function]}
  refreshEnabled={false}
  refreshing={false}
  safeAreaViewStyle={Object {}}
  style={Object {}}
  topColour="#fefefe"
>
  <View
    style={
      Object {
        "marginBottom": 15,
        "marginTop": 15,
      }
    }
  >
    <HeaderText
      style={Object {}}
    >
      User
    </HeaderText>
    <BodyText
      style={Object {}}
    >
      Logged in as Jeremy Bentham
    </BodyText>
    <BodyText
      style={Object {}}
    >
      Unique Person Identifier (UPI): upiupi11
    </BodyText>
    <Link
      containerStyle={Object {}}
      href=""
      onPress={[Function]}
      style={
        Object {
          "marginTop": 10,
        }
      }
      testID="signOutButton"
    >
      Sign Out
    </Link>
  </View>
  <View
    style={
      Object {
        "marginBottom": 15,
        "marginTop": 15,
      }
    }
  >
    <HeaderText
      style={Object {}}
    >
      App Info
    </HeaderText>
    <Link
      containerStyle={Object {}}
      href=""
      onPress={[Function]}
      style={
        Object {
          "marginBottom": 10,
        }
      }
      testID="faqButton"
    >
      Frequently Asked Questions
    </Link>
    <BodyText
      style={Object {}}
    >
      Version: 5.0.0
    </BodyText>
    <Horizontal
      bottomColour="#fefefe"
      contentContainerStyle={Object {}}
      keyboardAvoidingViewStyle={Object {}}
      mainTabPage={false}
      onRefresh={[Function]}
      refreshEnabled={false}
      refreshing={false}
      safeAreaViewStyle={Object {}}
      style={
        Object {
          "alignItems": "center",
          "flexDirection": "row",
          "justifyContent": "flex-start",
          "marginBottom": 10,
        }
      }
      topColour="#fefefe"
    >
      <LiveIndicator
        style={Object {}}
      >
        Developer Mode
      </LiveIndicator>
    </Horizontal>
    <Link
      containerStyle={Object {}}
      href="https://github.com/uclapi/ucl-assistant-app"
      onPress={null}
      style={Object {}}
      testID="githubButton"
    >
      Source Code
    </Link>
    <Link
      containerStyle={
        Object {
          "marginVertical": 10,
        }
      }
      href=""
      onPress={[Function]}
      style={Object {}}
      testID="feedbackButton"
    >
      Send Us Feedback
    </Link>
  </View>
  <View
    style={
      Object {
        "marginBottom": 15,
        "marginTop": 15,
      }
    }
  >
    <HeaderText
      style={Object {}}
    >
      Credits
    </HeaderText>
    <View
      style={
        Object {
          "flexDirection": "row",
          "flexWrap": "wrap",
        }
      }
    >
      <BodyText
        style={Object {}}
      >
        Created by Matt Bell (class of 2018) using theÂ 
      </BodyText>
      <Link
        containerStyle={Object {}}
        href="https://uclapi.com"
        onPress={null}
        style={Object {}}
      >
        UCL API
      </Link>
      <BodyText
        style={Object {}}
      >
        .
      </BodyText>
    </View>
    <BodyText
      style={
        Object {
          "marginTop": 10,
        }
      }
    >
      Currently managed by the UCL API Team: a group of students working together within ISD to improve UCL by building a platform on top of UCL's digital services for students.
    </BodyText>
    <BodyText
      style={
        Object {
          "marginTop": 10,
        }
      }
    >
      Illustrations courtesy of the unDraw project, released under the MIT license.
    </BodyText>
  </View>
  <View
    style={
      Object {
        "marginBottom": 15,
        "marginTop": 15,
      }
    }
  >
    <HeaderText
      style={Object {}}
    >
      UCL API Token
    </HeaderText>
    <Horizontal
      bottomColour="#fefefe"
      contentContainerStyle={Object {}}
      keyboardAvoidingViewStyle={Object {}}
      mainTabPage={false}
      onRefresh={[Function]}
      refreshEnabled={false}
      refreshing={false}
      safeAreaViewStyle={Object {}}
      style={Object {}}
      topColour="#fefefe"
    >
      <TextInputComponent
        allowFontScaling={true}
        rejectResponderTermination={true}
        style={
          Object {
            "flex": 1,
          }
        }
        underlineColorAndroid="transparent"
        value="abc123"
      />
      <SmallButton
        disabled={false}
        loading={false}
        onPress={[Function]}
        style={Object {}}
      >
        Copy
      </SmallButton>
    </Horizontal>
    <HeaderText
      style={Object {}}
    >
      State
    </HeaderText>
    <BodyText
      style={Object {}}
    >
      {
  "fullName": "Jeremy Bentham",
  "token": "abc123",
  "upi": "upiupi11"
}
    </BodyText>
  </View>
</Page>
`;
