// Jest Snapshot v1, https://goo.gl/fbAQLP

exports[`renders the loading screen 1`] = `null`;

exports[`renders the root without loading screen 1`] = `
<View
  style={
    Object {
      "backgroundColor": "#fefefe",
      "flex": 1,
    }
  }
>
  <View
    onLayout={[Function]}
    style={
      Object {
        "flex": 1,
      }
    }
  >
    <View
      collapsable={false}
      onGestureHandlerEvent={[Function]}
      onGestureHandlerStateChange={[Function]}
      style={
        Object {
          "backgroundColor": "#eee",
          "flex": 1,
          "flexDirection": "column-reverse",
          "overflow": "hidden",
        }
      }
    >
      <View
        style={
          Object {
            "flex": 1,
          }
        }
      >
        <View
          pointerEvents="auto"
          style={
            Object {
              "bottom": 0,
              "left": 0,
              "opacity": 1,
              "position": "absolute",
              "right": 0,
              "top": 0,
              "transform": Array [
                Object {
                  "translateX": 0,
                },
                Object {
                  "translateY": 0,
                },
              ],
            }
          }
        >
          <View
            accessibilityElementsHidden={false}
            style={
              Object {
                "backgroundColor": "#fff",
                "flex": 1,
              }
            }
          >
            <ViewManagerAdapter_ExpoLinearGradient
              proxiedProperties={
                Object {
                  "colors": Array [
                    4279998859,
                    4283151357,
                  ],
                  "endPoint": Array [
                    1,
                    0,
                  ],
                  "locations": undefined,
                  "startPoint": Array [
                    0,
                    1,
                  ],
                }
              }
              style={
                Array [
                  Object {
                    "backgroundColor": "#fefefe",
                    "flex": 1,
                    "paddingLeft": 20,
                    "paddingRight": 20,
                  },
                  Object {
                    "paddingBottom": 20,
                    "paddingTop": 60,
                  },
                ]
              }
            >
              <RCTSafeAreaView
                emulateUnlessSupported={true}
                style={
                  Object {
                    "flex": 1,
                  }
                }
              >
                <Image
                  resizeMethod="scale"
                  resizeMode="contain"
                  source={1}
                  style={
                    Object {
                      "alignSelf": "stretch",
                      "backgroundColor": "rgba(0,0,0,0)",
                      "flex": 1,
                      "height": undefined,
                      "marginTop": 50,
                      "width": undefined,
                    }
                  }
                />
                <Text
                  style={
                    Array [
                      Object {
                        "color": "#4D5061",
                        "fontFamily": "apercu-bold",
                        "fontSize": 28,
                        "marginBottom": 2,
                        "marginTop": 8,
                      },
                      Object {
                        "color": "#fefefe",
                        "textAlign": "center",
                      },
                    ]
                  }
                >
                  One app to manage your life at UCL.
                </Text>
                <View
                  style={
                    Object {
                      "flex": 1,
                    }
                  }
                />
                <View
                  accessible={true}
                  isTVSelectable={true}
                  onResponderGrant={[Function]}
                  onResponderMove={[Function]}
                  onResponderRelease={[Function]}
                  onResponderTerminate={[Function]}
                  onResponderTerminationRequest={[Function]}
                  onStartShouldSetResponder={[Function]}
                  style={
                    Object {
                      "backgroundColor": "transparent",
                      "opacity": 1,
                    }
                  }
                >
                  <ViewManagerAdapter_ExpoLinearGradient
                    proxiedProperties={
                      Object {
                        "colors": Array [
                          4279998859,
                          4283151357,
                        ],
                        "endPoint": Array [
                          1,
                          0,
                        ],
                        "locations": undefined,
                        "startPoint": Array [
                          0,
                          1,
                        ],
                      }
                    }
                    style={
                      Array [
                        Object {
                          "alignItems": "center",
                          "borderRadius": 8,
                          "elevation": 2,
                          "flexDirection": "row",
                          "justifyContent": "center",
                          "marginBottom": 5,
                          "marginTop": 5,
                          "minHeight": 55,
                          "minWidth": 150,
                          "padding": 8,
                          "paddingLeft": 16,
                          "paddingRight": 16,
                          "shadowColor": "#1B998B",
                          "shadowOffset": Object {
                            "height": 2,
                            "width": 0,
                          },
                          "shadowOpacity": 0.75,
                          "shadowRadius": 3,
                        },
                        Object {
                          "borderColor": "#fefefe",
                          "borderWidth": 2,
                        },
                      ]
                    }
                  >
                    <View
                      style={
                        Array [
                          Object {
                            "alignItems": "center",
                            "flexDirection": "row",
                            "justifyContent": "center",
                          },
                          Object {},
                        ]
                      }
                    >
                      <Image
                        resizeMethod="scale"
                        resizeMode="contain"
                        source={1}
                        style={
                          Array [
                            Object {
                              "alignSelf": "stretch",
                              "backgroundColor": "rgba(0,0,0,0)",
                              "flex": 1,
                              "height": undefined,
                              "marginTop": 50,
                              "width": undefined,
                            },
                            Object {
                              "alignSelf": "center",
                              "flexBasis": 20,
                              "flexGrow": 0,
                              "height": 20,
                              "marginRight": 5,
                              "marginTop": 0,
                            },
                          ]
                        }
                      />
                      <Text
                        style={
                          Array [
                            Object {
                              "color": "#fefefe",
                              "fontFamily": "apercu",
                              "fontSize": 20,
                              "marginBottom": 1,
                              "marginTop": 1,
                              "textAlign": "center",
                            },
                            Object {},
                          ]
                        }
                      >
                        Sign In With UCL
                      </Text>
                    </View>
                  </ViewManagerAdapter_ExpoLinearGradient>
                </View>
                <View
                  style={
                    Object {
                      "marginTop": 20,
                    }
                  }
                >
                  <Text
                    style={
                      Array [
                        Object {
                          "color": "#4D5061",
                          "fontFamily": "apercu",
                          "fontSize": 16,
                          "marginBottom": 1,
                          "marginTop": 1,
                        },
                        Object {},
                      ]
                    }
                  >
                    <Text
                      style={
                        Array [
                          Object {
                            "color": "#4D5061",
                            "fontFamily": "apercu",
                            "fontSize": 16,
                            "marginBottom": 1,
                            "marginTop": 1,
                          },
                          Object {
                            "color": "#fff",
                          },
                        ]
                      }
                    >
                      By signing into this app, you agree toÂ 
                    </Text>
                    <Text
                      onPress={[Function]}
                      style={
                        Array [
                          Object {
                            "color": "#4D5061",
                            "fontFamily": "apercu",
                            "fontSize": 16,
                            "marginBottom": 1,
                            "marginTop": 1,
                          },
                          Object {
                            "color": "#2980b9",
                          },
                          Object {
                            "color": "#fff",
                            "textDecorationLine": "underline",
                          },
                        ]
                      }
                    >
                      UCL API's terms & conditions.
                    </Text>
                  </Text>
                </View>
              </RCTSafeAreaView>
            </ViewManagerAdapter_ExpoLinearGradient>
          </View>
        </View>
      </View>
      <View
        onLayout={[Function]}
        pointerEvents="box-none"
        style={
          Object {
            "left": 0,
            "position": "absolute",
            "right": 0,
            "top": 0,
          }
        }
      >
        <View
          style={
            Object {
              "backgroundColor": "#fff",
              "transform": Array [
                Object {
                  "translateX": -750,
                },
              ],
            }
          }
        >
          <View
            onLayout={[Function]}
            pointerEvents="box-none"
            style={
              Object {
                "backgroundColor": "#fff",
                "borderBottomColor": "#a7a7aa",
                "borderBottomWidth": 0.5,
                "height": 64,
                "paddingBottom": 0,
                "paddingLeft": 0,
                "paddingRight": 0,
                "paddingTop": 20,
              }
            }
          >
            <View
              style={
                Object {
                  "flex": 1,
                }
              }
            />
          </View>
        </View>
      </View>
    </View>
  </View>
</View>
`;
